E                                                                        [100%]
=================================== ERRORS ====================================
_ ERROR at setup of test_whatsapp_webhook_approval_is_tenant_scoped_under_rls _

    @pytest.fixture(scope="module")
    def rls_engine():
        """Create a migrated test schema with RLS policies and app role."""
        engine = create_async_engine(TEST_DATABASE_URL, poolclass=NullPool)
    
        async def setup():
            async with engine.begin() as conn:
                # Drop everything in public to get a clean slate, then recreate it.
                await conn.execute(text("DROP SCHEMA IF EXISTS public CASCADE"))
                await conn.execute(text("CREATE SCHEMA public"))
                await conn.execute(text("GRANT ALL ON SCHEMA public TO nazmos"))
                await conn.execute(text("GRANT ALL ON SCHEMA public TO public"))
            await engine.dispose()
    
        import asyncio
>       asyncio.run(setup())

backend\tests\test_rls_enforcement.py:70: 
_ _ _ _ _ _ _ _ _ _ _ _ _ _ _ _ _ _ _ _ _ _ _ _ _ _ _ _ _ _ _ _ _ _ _ _ _ _ _ _
C:\Python314\Lib\asyncio\runners.py:204: in run
    return runner.run(main)
           ^^^^^^^^^^^^^^^^
C:\Python314\Lib\asyncio\runners.py:127: in run
    return self._loop.run_until_complete(task)
           ^^^^^^^^^^^^^^^^^^^^^^^^^^^^^^^^^^^
C:\Python314\Lib\asyncio\base_events.py:719: in run_until_complete
    return future.result()
           ^^^^^^^^^^^^^^^
backend\tests\test_rls_enforcement.py:61: in setup
    async with engine.begin() as conn:
               ^^^^^^^^^^^^^^
C:\Python314\Lib\contextlib.py:214: in __aenter__
    return await anext(self.gen)
           ^^^^^^^^^^^^^^^^^^^^^
C:\Users\Rayyan Khan\AppData\Roaming\Python\Python314\site-packages\sqlalchemy\ext\asyncio\engine.py:1068: in begin
    async with conn:
               ^^^^
C:\Users\Rayyan Khan\AppData\Roaming\Python\Python314\site-packages\sqlalchemy\ext\asyncio\base.py:121: in __aenter__
    return await self.start(is_ctxmanager=True)
           ^^^^^^^^^^^^^^^^^^^^^^^^^^^^^^^^^^^^
C:\Users\Rayyan Khan\AppData\Roaming\Python\Python314\site-packages\sqlalchemy\ext\asyncio\engine.py:275: in start
    await greenlet_spawn(self.sync_engine.connect)
C:\Users\Rayyan Khan\AppData\Roaming\Python\Python314\site-packages\sqlalchemy\util\_concurrency_py3k.py:201: in greenlet_spawn
    result = context.throw(*sys.exc_info())
             ^^^^^^^^^^^^^^^^^^^^^^^^^^^^^^
C:\Users\Rayyan Khan\AppData\Roaming\Python\Python314\site-packages\sqlalchemy\engine\base.py:3295: in connect
    return self._connection_cls(self)
           ^^^^^^^^^^^^^^^^^^^^^^^^^^
C:\Users\Rayyan Khan\AppData\Roaming\Python\Python314\site-packages\sqlalchemy\engine\base.py:144: in __init__
    self._dbapi_connection = engine.raw_connection()
                             ^^^^^^^^^^^^^^^^^^^^^^^
C:\Users\Rayyan Khan\AppData\Roaming\Python\Python314\site-packages\sqlalchemy\engine\base.py:3319: in raw_connection
    return self.pool.connect()
           ^^^^^^^^^^^^^^^^^^^
C:\Users\Rayyan Khan\AppData\Roaming\Python\Python314\site-packages\sqlalchemy\pool\base.py:448: in connect
    return _ConnectionFairy._checkout(self)
           ^^^^^^^^^^^^^^^^^^^^^^^^^^^^^^^^
C:\Users\Rayyan Khan\AppData\Roaming\Python\Python314\site-packages\sqlalchemy\pool\base.py:1272: in _checkout
    fairy = _ConnectionRecord.checkout(pool)
            ^^^^^^^^^^^^^^^^^^^^^^^^^^^^^^^^
C:\Users\Rayyan Khan\AppData\Roaming\Python\Python314\site-packages\sqlalchemy\pool\base.py:712: in checkout
    rec = pool._do_get()
          ^^^^^^^^^^^^^^
C:\Users\Rayyan Khan\AppData\Roaming\Python\Python314\site-packages\sqlalchemy\pool\impl.py:307: in _do_get
    return self._create_connection()
           ^^^^^^^^^^^^^^^^^^^^^^^^^
C:\Users\Rayyan Khan\AppData\Roaming\Python\Python314\site-packages\sqlalchemy\pool\base.py:389: in _create_connection
    return _ConnectionRecord(self)
           ^^^^^^^^^^^^^^^^^^^^^^^
C:\Users\Rayyan Khan\AppData\Roaming\Python\Python314\site-packages\sqlalchemy\pool\base.py:674: in __init__
    self.__connect()
C:\Users\Rayyan Khan\AppData\Roaming\Python\Python314\site-packages\sqlalchemy\pool\base.py:900: in __connect
    with util.safe_reraise():
         ^^^^^^^^^^^^^^^^^^^
C:\Users\Rayyan Khan\AppData\Roaming\Python\Python314\site-packages\sqlalchemy\util\langhelpers.py:122: in __exit__
    raise exc_value.with_traceback(exc_tb)
C:\Users\Rayyan Khan\AppData\Roaming\Python\Python314\site-packages\sqlalchemy\pool\base.py:896: in __connect
    self.dbapi_connection = connection = pool._invoke_creator(self)
                                         ^^^^^^^^^^^^^^^^^^^^^^^^^^
C:\Users\Rayyan Khan\AppData\Roaming\Python\Python314\site-packages\sqlalchemy\engine\create.py:667: in connect
    return dialect.connect(*cargs_tup, **cparams)
           ^^^^^^^^^^^^^^^^^^^^^^^^^^^^^^^^^^^^^^
C:\Users\Rayyan Khan\AppData\Roaming\Python\Python314\site-packages\sqlalchemy\engine\default.py:630: in connect
    return self.loaded_dbapi.connect(*cargs, **cparams)  # type: ignore[no-any-return]  # NOQA: E501
           ^^^^^^^^^^^^^^^^^^^^^^^^^^^^^^^^^^^^^^^^^^^^
C:\Users\Rayyan Khan\AppData\Roaming\Python\Python314\site-packages\sqlalchemy\dialects\postgresql\asyncpg.py:955: in connect
    await_only(creator_fn(*arg, **kw)),
    ^^^^^^^^^^^^^^^^^^^^^^^^^^^^^^^^^^
C:\Users\Rayyan Khan\AppData\Roaming\Python\Python314\site-packages\sqlalchemy\util\_concurrency_py3k.py:132: in await_only
    return current.parent.switch(awaitable)  # type: ignore[no-any-return,attr-defined] # noqa: E501
           ^^^^^^^^^^^^^^^^^^^^^^^^^^^^^^^^
C:\Users\Rayyan Khan\AppData\Roaming\Python\Python314\site-packages\sqlalchemy\util\_concurrency_py3k.py:196: in greenlet_spawn
    value = await result
            ^^^^^^^^^^^^
C:\Users\Rayyan Khan\AppData\Roaming\Python\Python314\site-packages\asyncpg\connection.py:2443: in connect
    return await connect_utils._connect(
C:\Users\Rayyan Khan\AppData\Roaming\Python\Python314\site-packages\asyncpg\connect_utils.py:1218: in _connect
    conn = await _connect_addr(
C:\Users\Rayyan Khan\AppData\Roaming\Python\Python314\site-packages\asyncpg\connect_utils.py:1054: in _connect_addr
    return await __connect_addr(params, True, *args)
           ^^^^^^^^^^^^^^^^^^^^^^^^^^^^^^^^^^^^^^^^^
_ _ _ _ _ _ _ _ _ _ _ _ _ _ _ _ _ _ _ _ _ _ _ _ _ _ _ _ _ _ _ _ _ _ _ _ _ _ _ _

params = ConnectionParameters(user='nazmos', password='nazmos_dev', database='nazmos_test', ssl=<ssl.SSLContext object at 0x000... 'postgres'>, server_settings=None, target_session_attrs=<SessionAttribute.any: 'any'>, krbsrvname=None, gsslib='sspi')
retry = True, addr = ('localhost', 5432)
loop = <ProactorEventLoop running=False closed=True debug=False>
config = ConnectionConfiguration(command_timeout=None, statement_cache_size=100, max_cached_statement_lifetime=300, max_cacheable_statement_size=15360)
connection_class = <class 'asyncpg.connection.Connection'>
record_class = <class 'asyncpg.protocol.record.Record'>
params_input = ConnectionParameters(user='nazmos', password='nazmos_dev', database='nazmos_test', ssl=<ssl.SSLContext object at 0x000... 'postgres'>, server_settings=None, target_session_attrs=<SessionAttribute.any: 'any'>, krbsrvname=None, gsslib='sspi')

    async def __connect_addr(
        params,
        retry,
        addr,
        loop,
        config,
        connection_class,
        record_class,
        params_input,
    ):
        connected = _create_future(loop)
    
        proto_factory = lambda: protocol.Protocol(
            addr, connected, params, record_class, loop)
    
        if isinstance(addr, str):
            # UNIX socket
            connector = loop.create_unix_connection(proto_factory, addr)
    
        elif params.ssl and params.ssl_negotiation is SSLNegotiation.direct:
            # if ssl and ssl_negotiation is `direct`, skip STARTTLS and perform
            # direct SSL connection
            connector = loop.create_connection(
                proto_factory, *addr, ssl=params.ssl
            )
    
        elif params.ssl:
            connector = _create_ssl_connection(
                proto_factory, *addr, loop=loop, ssl_context=params.ssl,
                ssl_is_advisory=params.sslmode == SSLMode.prefer)
        else:
            connector = loop.create_connection(proto_factory, *addr)
    
        tr, pr = await connector
    
        try:
>           await connected
E           asyncpg.exceptions.InvalidPasswordError: password authentication failed for user "nazmos"

C:\Users\Rayyan Khan\AppData\Roaming\Python\Python314\site-packages\asyncpg\connect_utils.py:1102: InvalidPasswordError
============================== warnings summary ===============================
backend\app\config.py:8
  H:\NAZMOS_COMPLETE_LATEST\NAZMOS_LATEST_MERGED\backend\app\config.py:8: PydanticDeprecatedSince20: Support for class-based `config` is deprecated, use ConfigDict instead. Deprecated in Pydantic V2.0 to be removed in V3.0. See Pydantic V2 Migration Guide at https://errors.pydantic.dev/2.13/migration/
    class Settings(BaseSettings):

backend\app\schemas\auth.py:22
  H:\NAZMOS_COMPLETE_LATEST\NAZMOS_LATEST_MERGED\backend\app\schemas\auth.py:22: PydanticDeprecatedSince20: Support for class-based `config` is deprecated, use ConfigDict instead. Deprecated in Pydantic V2.0 to be removed in V3.0. See Pydantic V2 Migration Guide at https://errors.pydantic.dev/2.13/migration/
    class UserResponse(BaseModel):

backend\app\schemas\common.py:11
  H:\NAZMOS_COMPLETE_LATEST\NAZMOS_LATEST_MERGED\backend\app\schemas\common.py:11: DeprecationWarning: datetime.datetime.utcnow() is deprecated and scheduled for removal in a future version. Use timezone-aware objects to represent datetimes in UTC: datetime.datetime.now(datetime.UTC).
    timestamp: datetime = datetime.utcnow()

backend\app\schemas\organization.py:20
  H:\NAZMOS_COMPLETE_LATEST\NAZMOS_LATEST_MERGED\backend\app\schemas\organization.py:20: PydanticDeprecatedSince20: Support for class-based `config` is deprecated, use ConfigDict instead. Deprecated in Pydantic V2.0 to be removed in V3.0. See Pydantic V2 Migration Guide at https://errors.pydantic.dev/2.13/migration/
    class OrganizationResponse(BaseModel):

backend\app\schemas\organization.py:60
  H:\NAZMOS_COMPLETE_LATEST\NAZMOS_LATEST_MERGED\backend\app\schemas\organization.py:60: PydanticDeprecatedSince20: Support for class-based `config` is deprecated, use ConfigDict instead. Deprecated in Pydantic V2.0 to be removed in V3.0. See Pydantic V2 Migration Guide at https://errors.pydantic.dev/2.13/migration/
    class BusinessLocationResponse(BaseModel):

backend\app\schemas\organization.py:89
  H:\NAZMOS_COMPLETE_LATEST\NAZMOS_LATEST_MERGED\backend\app\schemas\organization.py:89: PydanticDeprecatedSince20: Using extra keyword arguments on `Field` is deprecated and will be removed. Use `json_schema_extra` instead. (Extra keys: 'format'). Deprecated in Pydantic V2.0 to be removed in V3.0. See Pydantic V2 Migration Guide at https://errors.pydantic.dev/2.13/migration/
    email: str = Field(..., format="email")

backend\app\schemas\organization.py:97
  H:\NAZMOS_COMPLETE_LATEST\NAZMOS_LATEST_MERGED\backend\app\schemas\organization.py:97: PydanticDeprecatedSince20: Support for class-based `config` is deprecated, use ConfigDict instead. Deprecated in Pydantic V2.0 to be removed in V3.0. See Pydantic V2 Migration Guide at https://errors.pydantic.dev/2.13/migration/
    class TeamMemberResponse(BaseModel):

backend\app\schemas\organization.py:112
  H:\NAZMOS_COMPLETE_LATEST\NAZMOS_LATEST_MERGED\backend\app\schemas\organization.py:112: PydanticDeprecatedSince20: Support for class-based `config` is deprecated, use ConfigDict instead. Deprecated in Pydantic V2.0 to be removed in V3.0. See Pydantic V2 Migration Guide at https://errors.pydantic.dev/2.13/migration/
    class InvitationResponse(BaseModel):

backend\app\schemas\subscription.py:19
  H:\NAZMOS_COMPLETE_LATEST\NAZMOS_LATEST_MERGED\backend\app\schemas\subscription.py:19: PydanticDeprecatedSince20: Support for class-based `config` is deprecated, use ConfigDict instead. Deprecated in Pydantic V2.0 to be removed in V3.0. See Pydantic V2 Migration Guide at https://errors.pydantic.dev/2.13/migration/
    class SubscriptionResponse(BaseModel):

backend\app\schemas\subscription.py:51
  H:\NAZMOS_COMPLETE_LATEST\NAZMOS_LATEST_MERGED\backend\app\schemas\subscription.py:51: PydanticDeprecatedSince20: Support for class-based `config` is deprecated, use ConfigDict instead. Deprecated in Pydantic V2.0 to be removed in V3.0. See Pydantic V2 Migration Guide at https://errors.pydantic.dev/2.13/migration/
    class BillingEventResponse(BaseModel):

backend\app\schemas\adapter.py:83
  H:\NAZMOS_COMPLETE_LATEST\NAZMOS_LATEST_MERGED\backend\app\schemas\adapter.py:83: PydanticDeprecatedSince20: Support for class-based `config` is deprecated, use ConfigDict instead. Deprecated in Pydantic V2.0 to be removed in V3.0. See Pydantic V2 Migration Guide at https://errors.pydantic.dev/2.13/migration/
    class POSConnectionResponse(BaseModel):

backend\app\schemas\action.py:25
  H:\NAZMOS_COMPLETE_LATEST\NAZMOS_LATEST_MERGED\backend\app\schemas\action.py:25: PydanticDeprecatedSince20: Support for class-based `config` is deprecated, use ConfigDict instead. Deprecated in Pydantic V2.0 to be removed in V3.0. See Pydantic V2 Migration Guide at https://errors.pydantic.dev/2.13/migration/
    class ActionHistoryItem(BaseModel):

backend\app\schemas\action.py:43
  H:\NAZMOS_COMPLETE_LATEST\NAZMOS_LATEST_MERGED\backend\app\schemas\action.py:43: PydanticDeprecatedSince20: Support for class-based `config` is deprecated, use ConfigDict instead. Deprecated in Pydantic V2.0 to be removed in V3.0. See Pydantic V2 Migration Guide at https://errors.pydantic.dev/2.13/migration/
    class ActionDetailResponse(BaseModel):

-- Docs: https://docs.pytest.org/en/stable/how-to/capture-warnings.html
=========================== short test summary info ===========================
ERROR backend\tests\test_rls_enforcement.py::test_whatsapp_webhook_approval_is_tenant_scoped_under_rls
13 warnings, 1 error in 1.23s
