2026-09-17 14:16:21.277 UTC [97920] FATAL:  password authentication failed for user "nazmos"
2026-09-17 14:16:21.277 UTC [97920] DETAIL:  Connection matched file "/var/lib/postgresql/data/pg_hba.conf" line 128: "host all all all scram-sha-256"
2026-09-17 14:16:21.289 UTC [97921] FATAL:  password authentication failed for user "nazmos"
2026-09-17 14:16:21.289 UTC [97921] DETAIL:  Connection matched file "/var/lib/postgresql/data/pg_hba.conf" line 128: "host all all all scram-sha-256"
2026-09-17 14:16:21.570 UTC [97922] FATAL:  password authentication failed for user "nazmos"
2026-09-17 14:16:21.570 UTC [97922] DETAIL:  Connection matched file "/var/lib/postgresql/data/pg_hba.conf" line 128: "host all all all scram-sha-256"
2026-09-17 14:16:23.590 UTC [97819] ERROR:  relation "agent_actions" does not exist at character 17
2026-09-17 14:16:23.590 UTC [97819] STATEMENT:  
	        UPDATE agent_actions
	        SET status = 'approved',
	            decided_at = $1,
	            decided_by = COALESCE(CAST($2 AS UUID), decided_by),
	            decision_note = $3,
	            updated_at = $1
	        WHERE id = $4 AND status = 'pending_approval' AND business_id = $5
	        RETURNING id, business_id, action_type, payload
	    
2026-09-17 14:16:24.098 UTC [97931] FATAL:  password authentication failed for user "nazmos"
2026-09-17 14:16:24.098 UTC [97931] DETAIL:  Connection matched file "/var/lib/postgresql/data/pg_hba.conf" line 128: "host all all all scram-sha-256"
2026-09-17 14:16:24.161 UTC [97932] FATAL:  password authentication failed for user "nazmos"
2026-09-17 14:16:24.161 UTC [97932] DETAIL:  Connection matched file "/var/lib/postgresql/data/pg_hba.conf" line 128: "host all all all scram-sha-256"
2026-09-17 14:16:24.204 UTC [97933] FATAL:  password authentication failed for user "nazmos"
2026-09-17 14:16:24.204 UTC [97933] DETAIL:  Connection matched file "/var/lib/postgresql/data/pg_hba.conf" line 128: "host all all all scram-sha-256"
2026-09-17 14:16:26.944 UTC [97934] FATAL:  password authentication failed for user "nazmos"
2026-09-17 14:16:26.944 UTC [97934] DETAIL:  Connection matched file "/var/lib/postgresql/data/pg_hba.conf" line 128: "host all all all scram-sha-256"
2026-09-17 14:16:27.053 UTC [97943] FATAL:  password authentication failed for user "nazmos"
2026-09-17 14:16:27.053 UTC [97943] DETAIL:  Connection matched file "/var/lib/postgresql/data/pg_hba.conf" line 128: "host all all all scram-sha-256"
2026-09-17 14:16:27.077 UTC [97944] FATAL:  password authentication failed for user "nazmos"
2026-09-17 14:16:27.077 UTC [97944] DETAIL:  Connection matched file "/var/lib/postgresql/data/pg_hba.conf" line 128: "host all all all scram-sha-256"
2026-09-17 14:16:30.107 UTC [97945] FATAL:  password authentication failed for user "nazmos"
2026-09-17 14:16:30.107 UTC [97945] DETAIL:  Connection matched file "/var/lib/postgresql/data/pg_hba.conf" line 128: "host all all all scram-sha-256"
2026-09-17 14:16:30.365 UTC [97946] FATAL:  password authentication failed for user "nazmos"
2026-09-17 14:16:30.365 UTC [97946] DETAIL:  Connection matched file "/var/lib/postgresql/data/pg_hba.conf" line 128: "host all all all scram-sha-256"
2026-09-17 14:16:30.422 UTC [97947] FATAL:  password authentication failed for user "nazmos"
2026-09-17 14:16:30.422 UTC [97947] DETAIL:  Connection matched file "/var/lib/postgresql/data/pg_hba.conf" line 128: "host all all all scram-sha-256"
2026-09-17 14:16:31.703 UTC [97948] FATAL:  password authentication failed for user "nazmos"
2026-09-17 14:16:31.703 UTC [97948] DETAIL:  Connection matched file "/var/lib/postgresql/data/pg_hba.conf" line 128: "host all all all scram-sha-256"
2026-09-17 14:16:31.932 UTC [97819] ERROR:  relation "agent_actions" does not exist at character 17
2026-09-17 14:16:31.932 UTC [97819] STATEMENT:  
	        UPDATE agent_actions
	        SET status = 'approved',
	            decided_at = $1,
	            decided_by = COALESCE(CAST($2 AS UUID), decided_by),
	            decision_note = $3,
	            updated_at = $1
	        WHERE id = $4 AND status = 'pending_approval' AND business_id = $5
	        RETURNING id, business_id, action_type, payload
	    
2026-09-17 14:16:32.058 UTC [97955] FATAL:  password authentication failed for user "nazmos"
2026-09-17 14:16:32.058 UTC [97955] DETAIL:  Connection matched file "/var/lib/postgresql/data/pg_hba.conf" line 128: "host all all all scram-sha-256"
2026-09-17 14:16:32.059 UTC [97956] FATAL:  password authentication failed for user "nazmos"
2026-09-17 14:16:32.059 UTC [97956] DETAIL:  Connection matched file "/var/lib/postgresql/data/pg_hba.conf" line 128: "host all all all scram-sha-256"
2026-09-17 14:16:32.111 UTC [97958] FATAL:  password authentication failed for user "nazmos"
2026-09-17 14:16:32.111 UTC [97958] DETAIL:  Connection matched file "/var/lib/postgresql/data/pg_hba.conf" line 128: "host all all all scram-sha-256"
2026-09-17 14:16:32.117 UTC [97959] FATAL:  password authentication failed for user "nazmos"
2026-09-17 14:16:32.117 UTC [97959] DETAIL:  Connection matched file "/var/lib/postgresql/data/pg_hba.conf" line 128: "host all all all scram-sha-256"
2026-09-17 14:16:32.122 UTC [97960] FATAL:  password authentication failed for user "nazmos"
2026-09-17 14:16:32.122 UTC [97960] DETAIL:  Connection matched file "/var/lib/postgresql/data/pg_hba.conf" line 128: "host all all all scram-sha-256"
2026-09-17 14:16:32.129 UTC [97961] FATAL:  password authentication failed for user "nazmos"
2026-09-17 14:16:32.129 UTC [97961] DETAIL:  Connection matched file "/var/lib/postgresql/data/pg_hba.conf" line 128: "host all all all scram-sha-256"
2026-09-17 14:16:32.134 UTC [97962] FATAL:  password authentication failed for user "nazmos"
2026-09-17 14:16:32.134 UTC [97962] DETAIL:  Connection matched file "/var/lib/postgresql/data/pg_hba.conf" line 128: "host all all all scram-sha-256"
2026-09-17 14:16:32.139 UTC [97963] FATAL:  password authentication failed for user "nazmos"
2026-09-17 14:16:32.139 UTC [97963] DETAIL:  Connection matched file "/var/lib/postgresql/data/pg_hba.conf" line 128: "host all all all scram-sha-256"
2026-09-17 14:16:32.157 UTC [97964] FATAL:  password authentication failed for user "nazmos"
2026-09-17 14:16:32.157 UTC [97964] DETAIL:  Connection matched file "/var/lib/postgresql/data/pg_hba.conf" line 128: "host all all all scram-sha-256"
2026-09-17 14:16:32.164 UTC [97965] FATAL:  password authentication failed for user "nazmos"
2026-09-17 14:16:32.164 UTC [97965] DETAIL:  Connection matched file "/var/lib/postgresql/data/pg_hba.conf" line 128: "host all all all scram-sha-256"
2026-09-17 14:16:32.170 UTC [97966] FATAL:  password authentication failed for user "nazmos"
2026-09-17 14:16:32.170 UTC [97966] DETAIL:  Connection matched file "/var/lib/postgresql/data/pg_hba.conf" line 128: "host all all all scram-sha-256"
2026-09-17 14:16:32.176 UTC [97967] FATAL:  password authentication failed for user "nazmos"
2026-09-17 14:16:32.176 UTC [97967] DETAIL:  Connection matched file "/var/lib/postgresql/data/pg_hba.conf" line 128: "host all all all scram-sha-256"
2026-09-17 14:16:34.432 UTC [97971] FATAL:  password authentication failed for user "nazmos"
2026-09-17 14:16:34.432 UTC [97971] DETAIL:  Connection matched file "/var/lib/postgresql/data/pg_hba.conf" line 128: "host all all all scram-sha-256"
2026-09-17 14:16:34.440 UTC [97972] FATAL:  password authentication failed for user "nazmos"
2026-09-17 14:16:34.440 UTC [97972] DETAIL:  Connection matched file "/var/lib/postgresql/data/pg_hba.conf" line 128: "host all all all scram-sha-256"
2026-09-17 14:16:36.788 UTC [97973] FATAL:  password authentication failed for user "nazmos"
2026-09-17 14:16:36.788 UTC [97973] DETAIL:  Connection matched file "/var/lib/postgresql/data/pg_hba.conf" line 128: "host all all all scram-sha-256"
2026-09-17 14:16:39.007 UTC [97981] FATAL:  password authentication failed for user "nazmos"
2026-09-17 14:16:39.007 UTC [97981] DETAIL:  Connection matched file "/var/lib/postgresql/data/pg_hba.conf" line 128: "host all all all scram-sha-256"
2026-09-17 14:16:39.735 UTC [97982] FATAL:  password authentication failed for user "nazmos"
2026-09-17 14:16:39.735 UTC [97982] DETAIL:  Connection matched file "/var/lib/postgresql/data/pg_hba.conf" line 128: "host all all all scram-sha-256"
2026-09-17 14:16:42.709 UTC [97990] FATAL:  password authentication failed for user "nazmos"
2026-09-17 14:16:42.709 UTC [97990] DETAIL:  Connection matched file "/var/lib/postgresql/data/pg_hba.conf" line 128: "host all all all scram-sha-256"
2026-09-17 14:16:43.586 UTC [97992] FATAL:  password authentication failed for user "nazmos"
2026-09-17 14:16:43.586 UTC [97992] DETAIL:  Connection matched file "/var/lib/postgresql/data/pg_hba.conf" line 128: "host all all all scram-sha-256"
2026-09-17 14:16:46.036 UTC [97993] FATAL:  password authentication failed for user "nazmos"
2026-09-17 14:16:46.036 UTC [97993] DETAIL:  Connection matched file "/var/lib/postgresql/data/pg_hba.conf" line 128: "host all all all scram-sha-256"
2026-09-17 14:16:48.337 UTC [98001] FATAL:  password authentication failed for user "nazmos"
2026-09-17 14:16:48.337 UTC [98001] DETAIL:  Connection matched file "/var/lib/postgresql/data/pg_hba.conf" line 128: "host all all all scram-sha-256"
2026-09-17 14:16:50.072 UTC [98002] FATAL:  password authentication failed for user "nazmos"
2026-09-17 14:16:50.072 UTC [98002] DETAIL:  Connection matched file "/var/lib/postgresql/data/pg_hba.conf" line 128: "host all all all scram-sha-256"
2026-09-17 14:16:54.049 UTC [98011] FATAL:  password authentication failed for user "nazmos"
2026-09-17 14:16:54.049 UTC [98011] DETAIL:  Connection matched file "/var/lib/postgresql/data/pg_hba.conf" line 128: "host all all all scram-sha-256"
2026-09-17 14:16:54.355 UTC [98012] FATAL:  password authentication failed for user "nazmos"
2026-09-17 14:16:54.355 UTC [98012] DETAIL:  Connection matched file "/var/lib/postgresql/data/pg_hba.conf" line 128: "host all all all scram-sha-256"
2026-09-17 14:16:58.150 UTC [98020] FATAL:  password authentication failed for user "nazmos"
2026-09-17 14:16:58.150 UTC [98020] DETAIL:  Connection matched file "/var/lib/postgresql/data/pg_hba.conf" line 128: "host all all all scram-sha-256"
2026-09-17 14:17:00.176 UTC [98021] FATAL:  password authentication failed for user "nazmos"
2026-09-17 14:17:00.176 UTC [98021] DETAIL:  Connection matched file "/var/lib/postgresql/data/pg_hba.conf" line 128: "host all all all scram-sha-256"
2026-09-17 14:17:03.351 UTC [98030] FATAL:  password authentication failed for user "nazmos"
2026-09-17 14:17:03.351 UTC [98030] DETAIL:  Connection matched file "/var/lib/postgresql/data/pg_hba.conf" line 128: "host all all all scram-sha-256"
2026-09-17 14:17:07.187 UTC [98031] FATAL:  password authentication failed for user "nazmos"
2026-09-17 14:17:07.187 UTC [98031] DETAIL:  Connection matched file "/var/lib/postgresql/data/pg_hba.conf" line 128: "host all all all scram-sha-256"
2026-09-17 14:17:08.651 UTC [98039] FATAL:  password authentication failed for user "nazmos"
2026-09-17 14:17:08.651 UTC [98039] DETAIL:  Connection matched file "/var/lib/postgresql/data/pg_hba.conf" line 128: "host all all all scram-sha-256"
2026-09-17 14:17:14.591 UTC [98048] FATAL:  password authentication failed for user "nazmos"
2026-09-17 14:17:14.591 UTC [98048] DETAIL:  Connection matched file "/var/lib/postgresql/data/pg_hba.conf" line 128: "host all all all scram-sha-256"
2026-09-17 14:17:15.003 UTC [98049] FATAL:  password authentication failed for user "nazmos"
2026-09-17 14:17:15.003 UTC [98049] DETAIL:  Connection matched file "/var/lib/postgresql/data/pg_hba.conf" line 128: "host all all all scram-sha-256"
2026-09-17 14:17:22.041 UTC [98057] FATAL:  password authentication failed for user "nazmos"
2026-09-17 14:17:22.041 UTC [98057] DETAIL:  Connection matched file "/var/lib/postgresql/data/pg_hba.conf" line 128: "host all all all scram-sha-256"
2026-09-17 14:17:22.571 UTC [98058] FATAL:  password authentication failed for user "nazmos"
2026-09-17 14:17:22.571 UTC [98058] DETAIL:  Connection matched file "/var/lib/postgresql/data/pg_hba.conf" line 128: "host all all all scram-sha-256"
2026-09-17 14:17:29.809 UTC [98074] FATAL:  password authentication failed for user "nazmos"
2026-09-17 14:17:29.809 UTC [98074] DETAIL:  Connection matched file "/var/lib/postgresql/data/pg_hba.conf" line 128: "host all all all scram-sha-256"
2026-09-17 14:17:31.536 UTC [98075] FATAL:  password authentication failed for user "nazmos"
2026-09-17 14:17:31.536 UTC [98075] DETAIL:  Connection matched file "/var/lib/postgresql/data/pg_hba.conf" line 128: "host all all all scram-sha-256"
2026-09-17 14:17:37.639 UTC [98084] FATAL:  password authentication failed for user "nazmos"
2026-09-17 14:17:37.639 UTC [98084] DETAIL:  Connection matched file "/var/lib/postgresql/data/pg_hba.conf" line 128: "host all all all scram-sha-256"
2026-09-17 14:17:40.689 UTC [98092] FATAL:  password authentication failed for user "nazmos"
2026-09-17 14:17:40.689 UTC [98092] DETAIL:  Connection matched file "/var/lib/postgresql/data/pg_hba.conf" line 128: "host all all all scram-sha-256"
2026-09-17 14:17:45.638 UTC [98101] FATAL:  password authentication failed for user "nazmos"
2026-09-17 14:17:45.638 UTC [98101] DETAIL:  Connection matched file "/var/lib/postgresql/data/pg_hba.conf" line 128: "host all all all scram-sha-256"
2026-09-17 14:17:52.199 UTC [98109] FATAL:  password authentication failed for user "nazmos"
2026-09-17 14:17:52.199 UTC [98109] DETAIL:  Connection matched file "/var/lib/postgresql/data/pg_hba.conf" line 128: "host all all all scram-sha-256"
2026-09-17 14:17:55.714 UTC [98118] FATAL:  password authentication failed for user "nazmos"
2026-09-17 14:17:55.714 UTC [98118] DETAIL:  Connection matched file "/var/lib/postgresql/data/pg_hba.conf" line 128: "host all all all scram-sha-256"
2026-09-17 14:18:02.745 UTC [98126] FATAL:  password authentication failed for user "nazmos"
2026-09-17 14:18:02.745 UTC [98126] DETAIL:  Connection matched file "/var/lib/postgresql/data/pg_hba.conf" line 128: "host all all all scram-sha-256"
2026-09-17 14:18:07.139 UTC [98135] FATAL:  password authentication failed for user "nazmos"
2026-09-17 14:18:07.139 UTC [98135] DETAIL:  Connection matched file "/var/lib/postgresql/data/pg_hba.conf" line 128: "host all all all scram-sha-256"
2026-09-17 14:18:14.357 UTC [98151] FATAL:  password authentication failed for user "nazmos"
2026-09-17 14:18:14.357 UTC [98151] DETAIL:  Connection matched file "/var/lib/postgresql/data/pg_hba.conf" line 128: "host all all all scram-sha-256"
2026-09-17 14:18:19.718 UTC [98159] FATAL:  password authentication failed for user "nazmos"
2026-09-17 14:18:19.718 UTC [98159] DETAIL:  Connection matched file "/var/lib/postgresql/data/pg_hba.conf" line 128: "host all all all scram-sha-256"
2026-09-17 14:18:28.084 UTC [98168] FATAL:  password authentication failed for user "nazmos"
2026-09-17 14:18:28.084 UTC [98168] DETAIL:  Connection matched file "/var/lib/postgresql/data/pg_hba.conf" line 128: "host all all all scram-sha-256"
2026-09-17 14:18:33.824 UTC [98183] FATAL:  password authentication failed for user "nazmos"
2026-09-17 14:18:33.824 UTC [98183] DETAIL:  Connection matched file "/var/lib/postgresql/data/pg_hba.conf" line 128: "host all all all scram-sha-256"
2026-09-17 14:18:43.129 UTC [98193] FATAL:  password authentication failed for user "nazmos"
2026-09-17 14:18:43.129 UTC [98193] DETAIL:  Connection matched file "/var/lib/postgresql/data/pg_hba.conf" line 128: "host all all all scram-sha-256"
2026-09-17 14:18:46.889 UTC [98201] FATAL:  password authentication failed for user "nazmos"
2026-09-17 14:18:46.889 UTC [98201] DETAIL:  Connection matched file "/var/lib/postgresql/data/pg_hba.conf" line 128: "host all all all scram-sha-256"
2026-09-17 14:18:59.627 UTC [98224] FATAL:  password authentication failed for user "nazmos"
2026-09-17 14:18:59.627 UTC [98224] DETAIL:  Connection matched file "/var/lib/postgresql/data/pg_hba.conf" line 128: "host all all all scram-sha-256"
2026-09-17 14:19:03.923 UTC [98226] FATAL:  password authentication failed for user "nazmos"
2026-09-17 14:19:03.923 UTC [98226] DETAIL:  Connection matched file "/var/lib/postgresql/data/pg_hba.conf" line 128: "host all all all scram-sha-256"
2026-09-17 14:19:19.156 UTC [98249] FATAL:  password authentication failed for user "nazmos"
2026-09-17 14:19:19.156 UTC [98249] DETAIL:  Connection matched file "/var/lib/postgresql/data/pg_hba.conf" line 128: "host all all all scram-sha-256"
2026-09-17 14:19:20.408 UTC [98257] FATAL:  password authentication failed for user "nazmos"
2026-09-17 14:19:20.408 UTC [98257] DETAIL:  Connection matched file "/var/lib/postgresql/data/pg_hba.conf" line 128: "host all all all scram-sha-256"
2026-09-17 14:19:40.423 UTC [98288] FATAL:  password authentication failed for user "nazmos"
2026-09-17 14:19:40.423 UTC [98288] DETAIL:  Connection matched file "/var/lib/postgresql/data/pg_hba.conf" line 128: "host all all all scram-sha-256"
2026-09-17 14:19:40.623 UTC [98289] FATAL:  password authentication failed for user "nazmos"
2026-09-17 14:19:40.623 UTC [98289] DETAIL:  Connection matched file "/var/lib/postgresql/data/pg_hba.conf" line 128: "host all all all scram-sha-256"
2026-09-17 14:20:00.093 UTC [55] LOG:  checkpoint starting: time
2026-09-17 14:20:01.885 UTC [98320] FATAL:  password authentication failed for user "nazmos"
2026-09-17 14:20:01.885 UTC [98320] DETAIL:  Connection matched file "/var/lib/postgresql/data/pg_hba.conf" line 128: "host all all all scram-sha-256"
2026-09-17 14:20:05.097 UTC [98322] FATAL:  password authentication failed for user "nazmos"
2026-09-17 14:20:05.097 UTC [98322] DETAIL:  Connection matched file "/var/lib/postgresql/data/pg_hba.conf" line 128: "host all all all scram-sha-256"
2026-09-17 14:20:23.642 UTC [98353] FATAL:  password authentication failed for user "nazmos"
2026-09-17 14:20:23.642 UTC [98353] DETAIL:  Connection matched file "/var/lib/postgresql/data/pg_hba.conf" line 128: "host all all all scram-sha-256"
2026-09-17 14:20:31.141 UTC [98368] FATAL:  password authentication failed for user "nazmos"
2026-09-17 14:20:31.141 UTC [98368] DETAIL:  Connection matched file "/var/lib/postgresql/data/pg_hba.conf" line 128: "host all all all scram-sha-256"
2026-09-17 14:20:35.108 UTC [55] LOG:  checkpoint complete: wrote 339 buffers (2.1%); 0 WAL file(s) added, 0 removed, 0 recycled; write=34.520 s, sync=0.466 s, total=35.015 s; sync files=645, longest=0.158 s, average=0.001 s; distance=5106 kB, estimate=5106 kB; lsn=0/6D51E20, redo lsn=0/6D491E8
2026-09-17 14:20:49.860 UTC [98392] FATAL:  password authentication failed for user "nazmos"
2026-09-17 14:20:49.860 UTC [98392] DETAIL:  Connection matched file "/var/lib/postgresql/data/pg_hba.conf" line 128: "host all all all scram-sha-256"
2026-09-17 14:20:57.859 UTC [98408] FATAL:  password authentication failed for user "nazmos"
2026-09-17 14:20:57.859 UTC [98408] DETAIL:  Connection matched file "/var/lib/postgresql/data/pg_hba.conf" line 128: "host all all all scram-sha-256"
2026-09-17 14:21:14.921 UTC [98432] FATAL:  password authentication failed for user "nazmos"
2026-09-17 14:21:14.921 UTC [98432] DETAIL:  Connection matched file "/var/lib/postgresql/data/pg_hba.conf" line 128: "host all all all scram-sha-256"
2026-09-17 14:21:29.434 UTC [98455] FATAL:  password authentication failed for user "nazmos"
2026-09-17 14:21:29.434 UTC [98455] DETAIL:  Connection matched file "/var/lib/postgresql/data/pg_hba.conf" line 128: "host all all all scram-sha-256"
2026-09-17 14:21:46.242 UTC [98479] FATAL:  password authentication failed for user "nazmos"
2026-09-17 14:21:46.242 UTC [98479] DETAIL:  Connection matched file "/var/lib/postgresql/data/pg_hba.conf" line 128: "host all all all scram-sha-256"
2026-09-17 14:22:01.074 UTC [98502] FATAL:  password authentication failed for user "nazmos"
2026-09-17 14:22:01.074 UTC [98502] DETAIL:  Connection matched file "/var/lib/postgresql/data/pg_hba.conf" line 128: "host all all all scram-sha-256"
2026-09-17 14:22:22.484 UTC [98540] FATAL:  password authentication failed for user "nazmos"
2026-09-17 14:22:22.484 UTC [98540] DETAIL:  Connection matched file "/var/lib/postgresql/data/pg_hba.conf" line 128: "host all all all scram-sha-256"
2026-09-17 14:22:36.734 UTC [98558] FATAL:  password authentication failed for user "nazmos"
2026-09-17 14:22:36.734 UTC [98558] DETAIL:  Connection matched file "/var/lib/postgresql/data/pg_hba.conf" line 128: "host all all all scram-sha-256"
2026-09-17 14:22:57.092 UTC [98589] FATAL:  password authentication failed for user "nazmos"
2026-09-17 14:22:57.092 UTC [98589] DETAIL:  Connection matched file "/var/lib/postgresql/data/pg_hba.conf" line 128: "host all all all scram-sha-256"
2026-09-17 14:23:10.106 UTC [98613] FATAL:  password authentication failed for user "nazmos"
2026-09-17 14:23:10.106 UTC [98613] DETAIL:  Connection matched file "/var/lib/postgresql/data/pg_hba.conf" line 128: "host all all all scram-sha-256"
2026-09-17 14:23:10.106 UTC [98614] FATAL:  password authentication failed for user "nazmos"
2026-09-17 14:23:10.106 UTC [98614] DETAIL:  Connection matched file "/var/lib/postgresql/data/pg_hba.conf" line 128: "host all all all scram-sha-256"
2026-09-17 14:23:10.110 UTC [98615] FATAL:  password authentication failed for user "nazmos"
2026-09-17 14:23:10.110 UTC [98615] DETAIL:  Connection matched file "/var/lib/postgresql/data/pg_hba.conf" line 128: "host all all all scram-sha-256"
2026-09-17 14:23:10.116 UTC [98621] FATAL:  password authentication failed for user "nazmos"
2026-09-17 14:23:10.116 UTC [98621] DETAIL:  Connection matched file "/var/lib/postgresql/data/pg_hba.conf" line 128: "host all all all scram-sha-256"
2026-09-17 14:23:10.118 UTC [98622] FATAL:  password authentication failed for user "nazmos"
2026-09-17 14:23:10.118 UTC [98622] DETAIL:  Connection matched file "/var/lib/postgresql/data/pg_hba.conf" line 128: "host all all all scram-sha-256"
2026-09-17 14:23:10.123 UTC [98617] FATAL:  password authentication failed for user "nazmos"
2026-09-17 14:23:10.123 UTC [98617] DETAIL:  Connection matched file "/var/lib/postgresql/data/pg_hba.conf" line 128: "host all all all scram-sha-256"
2026-09-17 14:23:10.126 UTC [98618] FATAL:  password authentication failed for user "nazmos"
2026-09-17 14:23:10.126 UTC [98618] DETAIL:  Connection matched file "/var/lib/postgresql/data/pg_hba.conf" line 128: "host all all all scram-sha-256"
2026-09-17 14:23:10.141 UTC [98616] FATAL:  password authentication failed for user "nazmos"
2026-09-17 14:23:10.141 UTC [98616] DETAIL:  Connection matched file "/var/lib/postgresql/data/pg_hba.conf" line 128: "host all all all scram-sha-256"
2026-09-17 14:23:10.157 UTC [98623] FATAL:  password authentication failed for user "nazmos"
2026-09-17 14:23:10.157 UTC [98623] DETAIL:  Connection matched file "/var/lib/postgresql/data/pg_hba.conf" line 128: "host all all all scram-sha-256"
2026-09-17 14:23:10.240 UTC [98620] FATAL:  password authentication failed for user "nazmos"
2026-09-17 14:23:10.240 UTC [98620] DETAIL:  Connection matched file "/var/lib/postgresql/data/pg_hba.conf" line 128: "host all all all scram-sha-256"
2026-09-17 14:23:10.240 UTC [98619] FATAL:  password authentication failed for user "nazmos"
2026-09-17 14:23:10.240 UTC [98619] DETAIL:  Connection matched file "/var/lib/postgresql/data/pg_hba.conf" line 128: "host all all all scram-sha-256"
2026-09-17 14:23:10.242 UTC [98624] FATAL:  password authentication failed for user "nazmos"
2026-09-17 14:23:10.242 UTC [98624] DETAIL:  Connection matched file "/var/lib/postgresql/data/pg_hba.conf" line 128: "host all all all scram-sha-256"
2026-09-17 14:23:10.481 UTC [98625] FATAL:  password authentication failed for user "nazmos"
2026-09-17 14:23:10.481 UTC [98625] DETAIL:  Connection matched file "/var/lib/postgresql/data/pg_hba.conf" line 128: "host all all all scram-sha-256"
2026-09-17 14:23:10.483 UTC [98626] FATAL:  password authentication failed for user "nazmos"
2026-09-17 14:23:10.483 UTC [98626] DETAIL:  Connection matched file "/var/lib/postgresql/data/pg_hba.conf" line 128: "host all all all scram-sha-256"
2026-09-17 14:23:10.486 UTC [98627] FATAL:  password authentication failed for user "nazmos"
2026-09-17 14:23:10.486 UTC [98627] DETAIL:  Connection matched file "/var/lib/postgresql/data/pg_hba.conf" line 128: "host all all all scram-sha-256"
2026-09-17 14:23:10.488 UTC [98628] FATAL:  password authentication failed for user "nazmos"
2026-09-17 14:23:10.488 UTC [98628] DETAIL:  Connection matched file "/var/lib/postgresql/data/pg_hba.conf" line 128: "host all all all scram-sha-256"
2026-09-17 14:23:10.490 UTC [98629] FATAL:  password authentication failed for user "nazmos"
2026-09-17 14:23:10.490 UTC [98629] DETAIL:  Connection matched file "/var/lib/postgresql/data/pg_hba.conf" line 128: "host all all all scram-sha-256"
2026-09-17 14:23:15.462 UTC [98638] FATAL:  password authentication failed for user "nazmos"
2026-09-17 14:23:15.462 UTC [98638] DETAIL:  Connection matched file "/var/lib/postgresql/data/pg_hba.conf" line 128: "host all all all scram-sha-256"
